2026-09-30T21:36:12+00:00 WARNING [run=e824ee65b96e42119457a7e2f3036e34 phase=fetch event=source.disabled] EPG源地址已自动停用：https://epgshare01.online/epgshare01/epg_ripper_VOA1.xml.gz（没有匹配到符合条件的值）
2026-09-30T21:36:14+00:00 WARNING [run=e824ee65b96e42119457a7e2f3036e34 phase=fetch event=source.disabled] EPG源地址已自动停用：https://epgshare01.online/epgshare01/epg_ripper_viva-russia.ru.xml.gz（没有匹配到符合条件的值）
2026-09-30T21:36:15+00:00 WARNING [run=e824ee65b96e42119457a7e2f3036e34 phase=fetch event=source.disabled] EPG源地址已自动停用：https://epgshare01.online/epgshare01/epg_ripper_RAKUTEN1.xml.gz（没有匹配到符合条件的值）
2026-09-30T21:36:16+00:00 WARNING [run=e824ee65b96e42119457a7e2f3036e34 phase=fetch event=source.disabled] EPG源地址已自动停用：https://epgshare01.online/epgshare01/epg_ripper_US_SPORTS1.xml.gz（没有匹配到符合条件的值）
2026-09-30T21:36:16+00:00 INFO    [run=e824ee65b96e42119457a7e2f3036e34 phase=fetch event=progress.updated] 正在进行获取EPG源  104/115 (90%)  剩余 11
2026-09-30T21:36:16+00:00 WARNING [run=e824ee65b96e42119457a7e2f3036e34 phase=fetch event=request.retrying] 🔄 请求https://epgshare01.online/epgshare01/locomotiontv.xml.gz失败，正在进行第1次重试...
2026-09-30T21:36:22+00:00 WARNING [run=e824ee65b96e42119457a7e2f3036e34 phase=fetch event=source.request_failed] EPG源请求失败：❌ 请求https://epgshare01.online/epgshare01/locomotiontv.xml.gz失败，已达到最大重试次数
2026-09-30T21:36:22+00:00 WARNING [run=e824ee65b96e42119457a7e2f3036e34 phase=fetch event=source.disabled] EPG源地址已自动停用：https://epgshare01.online/epgshare01/locomotiontv.xml.gz（请求失败）
2026-09-30T21:36:26+00:00 WARNING [run=e824ee65b96e42119457a7e2f3036e34 phase=fetch event=request.retrying] 🔄 请求https://live.fanmingming.cn/e.xml失败，正在进行第1次重试...
2026-09-30T21:36:26+00:00 WARNING [run=e824ee65b96e42119457a7e2f3036e34 phase=fetch event=request.retrying] 🔄 请求https://iptv.yang-1989.xyz/epg.xml.gz失败，正在进行第1次重试...
2026-09-30T21:36:34+00:00 INFO    [run=e824ee65b96e42119457a7e2f3036e34 phase=fetch event=progress.updated] 正在进行获取EPG源  115/115 (100%)  剩余 0
2026-09-30T21:36:34+00:00 INFO    [run=e824ee65b96e42119457a7e2f3036e34 phase=fetch event=sources.epg.finished] EPG源: ✅ 有效地址数量：0，⛔ 停用地址数量：0
2026-09-30T21:36:34+00:00 INFO    [run=e824ee65b96e42119457a7e2f3036e34 phase=fetch event=progress.finished] 正在进行获取EPG源  115/115  匹配 423 个频道
2026-09-30T21:40:27+00:00 INFO    [run=e824ee65b96e42119457a7e2f3036e34 phase=aggregate event=channels.aggregated] 频道数据聚合完成：1175 个频道，18981 个接口（IPv4 18292 / IPv6 0）
2026-09-30T21:40:28+00:00 INFO    [run=e824ee65b96e42119457a7e2f3036e34 phase=speed_test event=speed_test.planned] 总接口数量: 15068, 需要进行测速的接口数量: 14414
2026-09-30T21:40:28+00:00 INFO    [run=e824ee65b96e42119457a7e2f3036e34 phase=speed_test event=progress.started] 测速  0/14414
2026-09-30T21:40:28+00:00 INFO    [run=e824ee65b96e42119457a7e2f3036e34 phase=speed_test event=progress.updated] 测速  1/14414 (0%)  有效 0  失败 1  CCTV1
2026-09-30T21:40:58+00:00 INFO    [run=e824ee65b96e42119457a7e2f3036e34 phase=speed_test event=progress.updated] 测速  258/14414 (1%)  有效 2  失败 256  CCTV2
2026-09-30T21:41:28+00:00 INFO    [run=e824ee65b96e42119457a7e2f3036e34 phase=speed_test event=progress.updated] 测速  562/14414 (3%)  有效 5  失败 557  CCTV3
2026-09-30T21:41:58+00:00 INFO    [run=e824ee65b96e42119457a7e2f3036e34 phase=speed_test event=progress.updated] 测速  897/14414 (6%)  有效 10  失败 887  CCTV4
2026-09-30T21:42:29+00:00 INFO    [run=e824ee65b96e42119457a7e2f3036e34 phase=speed_test event=progress.updated] 测速  1215/14414 (8%)  有效 14  失败 1201  CCTV5+
2026-09-30T21:42:59+00:00 INFO    [run=e824ee65b96e42119457a7e2f3036e34 phase=speed_test event=progress.updated] 测速  1474/14414 (10%)  有效 21  失败 1453  CCTV7
2026-09-30T21:43:29+00:00 INFO    [run=e824ee65b96e42119457a7e2f3036e34 phase=speed_test event=progress.updated] 测速  1756/14414 (12%)  有效 26  失败 1730  CCTV8
2026-09-30T21:43:59+00:00 INFO    [run=e824ee65b96e42119457a7e2f3036e34 phase=speed_test event=progress.updated] 测速  2059/14414 (14%)  有效 33  失败 2026  CCTV10
2026-09-30T21:44:29+00:00 INFO    [run=e824ee65b96e42119457a7e2f3036e34 phase=speed_test event=progress.updated] 测速  2390/14414 (16%)  有效 42  失败 2348  CCTV11
2026-09-30T21:44:59+00:00 INFO    [run=e824ee65b96e42119457a7e2f3036e34 phase=speed_test event=progress.updated] 测速  2687/14414 (18%)  有效 49  失败 2638  CCTV13
2026-09-30T21:45:29+00:00 INFO    [run=e824ee65b96e42119457a7e2f3036e34 phase=speed_test event=progress.updated] 测速  3020/14414 (20%)  有效 67  失败 2953  CCTV15
2026-09-30T21:45:59+00:00 INFO    [run=e824ee65b96e42119457a7e2f3036e34 phase=speed_test event=progress.updated] 测速  3318/14414 (23%)  有效 74  失败 3244  CCTV17
2026-09-30T21:46:29+00:00 INFO    [run=e824ee65b96e42119457a7e2f3036e34 phase=speed_test event=progress.updated] 测速  3714/14414 (25%)  有效 85  失败 3629  CHC动作电影
2026-09-30T21:46:59+00:00 INFO    [run=e824ee65b96e42119457a7e2f3036e34 phase=speed_test event=progress.updated] 测速  3987/14414 (27%)  有效 118  失败 3869  天元围棋
2026-09-30T21:47:29+00:00 INFO    [run=e824ee65b96e42119457a7e2f3036e34 phase=speed_test event=progress.updated] 测速  4268/14414 (29%)  有效 135  失败 4133  湖南卫视
2026-09-30T21:48:00+00:00 INFO    [run=e824ee65b96e42119457a7e2f3036e34 phase=speed_test event=progress.updated] 测速  4560/14414 (31%)  有效 145  失败 4415  东方卫视
2026-09-30T21:48:30+00:00 INFO    [run=e824ee65b96e42119457a7e2f3036e34 phase=speed_test event=progress.updated] 测速  4837/14414 (33%)  有效 153  失败 4684  浙江卫视
2026-09-30T21:49:00+00:00 INFO    [run=e824ee65b96e42119457a7e2f3036e34 phase=speed_test event=progress.updated] 测速  5129/14414 (35%)  有效 163  失败 4966  江苏卫视
2026-09-30T21:49:30+00:00 INFO    [run=e824ee65b96e42119457a7e2f3036e34 phase=speed_test event=progress.updated] 测速  5431/14414 (37%)  有效 165  失败 5266  北京卫视
2026-09-30T21:50:00+00:00 INFO    [run=e824ee65b96e42119457a7e2f3036e34 phase=speed_test event=progress.updated] 测速  5698/14414 (39%)  有效 168  失败 5530  天津卫视
2026-09-30T21:50:30+00:00 INFO    [run=e824ee65b96e42119457a7e2f3036e34 phase=speed_test event=progress.updated] 测速  5995/14414 (41%)  有效 170  失败 5825  山东卫视
2026-09-30T21:51:00+00:00 INFO    [run=e824ee65b96e42119457a7e2f3036e34 phase=speed_test event=progress.updated] 测速  6264/14414 (43%)  有效 176  失败 6088  辽宁卫视
2026-09-30T21:51:30+00:00 INFO    [run=e824ee65b96e42119457a7e2f3036e34 phase=speed_test event=progress.updated] 测速  6570/14414 (45%)  有效 177  失败 6393  湖北卫视
2026-09-30T21:52:01+00:00 INFO    [run=e824ee65b96e42119457a7e2f3036e34 phase=speed_test event=progress.updated] 测速  6862/14414 (47%)  有效 180  失败 6682  四川卫视
2026-09-30T21:52:31+00:00 INFO    [run=e824ee65b96e42119457a7e2f3036e34 phase=speed_test event=progress.updated] 测速  7146/14414 (49%)  有效 186  失败 6960  江西卫视
2026-09-30T21:53:01+00:00 INFO    [run=e824ee65b96e42119457a7e2f3036e34 phase=speed_test event=progress.updated] 测速  7412/14414 (51%)  有效 194  失败 7218  黑龙江卫视
2026-09-30T21:53:31+00:00 INFO    [run=e824ee65b96e42119457a7e2f3036e34 phase=speed_test event=progress.updated] 测速  7717/14414 (53%)  有效 199  失败 7518  河南卫视
2026-09-30T21:54:01+00:00 INFO    [run=e824ee65b96e42119457a7e2f3036e34 phase=speed_test event=progress.updated] 测速  7983/14414 (55%)  有效 203  失败 7780  贵州卫视
2026-09-30T21:54:31+00:00 INFO    [run=e824ee65b96e42119457a7e2f3036e34 phase=speed_test event=progress.updated] 测速  8270/14414 (57%)  有效 208  失败 8062  东南卫视
2026-09-30T21:55:01+00:00 INFO    [run=e824ee65b96e42119457a7e2f3036e34 phase=speed_test event=progress.updated] 测速  8567/14414 (59%)  有效 211  失败 8356  河北卫视
2026-09-30T21:55:32+00:00 INFO    [run=e824ee65b96e42119457a7e2f3036e34 phase=speed_test event=progress.updated] 测速  8875/14414 (61%)  有效 219  失败 8656  山西卫视
2026-09-30T21:56:02+00:00 INFO    [run=e824ee65b96e42119457a7e2f3036e34 phase=speed_test event=progress.updated] 测速  9166/14414 (63%)  有效 229  失败 8937  宁夏卫视
2026-09-30T21:56:32+00:00 INFO    [run=e824ee65b96e42119457a7e2f3036e34 phase=speed_test event=progress.updated] 测速  9477/14414 (65%)  有效 234  失败 9243  西藏卫视
2026-09-30T21:57:02+00:00 INFO    [run=e824ee65b96e42119457a7e2f3036e34 phase=speed_test event=progress.updated] 测速  9778/14414 (67%)  有效 240  失败 9538  兵团卫视
2026-09-30T21:57:32+00:00 INFO    [run=e824ee65b96e42119457a7e2f3036e34 phase=speed_test event=progress.updated] 测速  10086/14414 (69%)  有效 254  失败 9832  河南法治
2026-09-30T21:58:02+00:00 INFO    [run=e824ee65b96e42119457a7e2f3036e34 phase=speed_test event=progress.updated] 测速  10364/14414 (71%)  有效 267  失败 10097  广州新闻
2026-09-30T21:58:32+00:00 INFO    [run=e824ee65b96e42119457a7e2f3036e34 phase=speed_test event=progress.updated] 测速  10789/14414 (74%)  有效 283  失败 10506  TVBS新聞
2026-09-30T21:59:02+00:00 INFO    [run=e824ee65b96e42119457a7e2f3036e34 phase=speed_test event=progress.updated] 测速  11254/14414 (78%)  有效 327  失败 10927  CGTN
2026-09-30T21:59:32+00:00 INFO    [run=e824ee65b96e42119457a7e2f3036e34 phase=speed_test event=progress.updated] 测速  11747/14414 (81%)  有效 338  失败 11409  龍華電影
2026-09-30T22:00:02+00:00 INFO    [run=e824ee65b96e42119457a7e2f3036e34 phase=speed_test event=progress.updated] 测速  12087/14414 (83%)  有效 382  失败 11705  广东少儿
2026-09-30T22:00:33+00:00 INFO    [run=e824ee65b96e42119457a7e2f3036e34 phase=speed_test event=progress.updated] 测速  12418/14414 (86%)  有效 421  失败 11997  翡翠台
2026-09-30T22:01:03+00:00 INFO    [run=e824ee65b96e42119457a7e2f3036e34 phase=speed_test event=progress.updated] 测速  12880/14414 (89%)  有效 427  失败 12453  Suria
2026-09-30T22:01:33+00:00 INFO    [run=e824ee65b96e42119457a7e2f3036e34 phase=speed_test event=progress.updated] 测速  13278/14414 (92%)  有效 497  失败 12781  海贼王
2026-09-30T22:02:03+00:00 INFO    [run=e824ee65b96e42119457a7e2f3036e34 phase=speed_test event=progress.updated] 测速  13609/14414 (94%)  有效 512  失败 13097  功夫电影
2026-09-30T22:02:33+00:00 INFO    [run=e824ee65b96e42119457a7e2f3036e34 phase=speed_test event=progress.updated] 测速  13936/14414 (96%)  有效 521  失败 13415  李连杰电影
2026-09-30T22:03:03+00:00 INFO    [run=e824ee65b96e42119457a7e2f3036e34 phase=speed_test event=progress.updated] 测速  14197/14414 (98%)  有效 530  失败 13667  海洋幻梦-泰剧
2026-09-30T22:03:31+00:00 INFO    [run=e824ee65b96e42119457a7e2f3036e34 phase=speed_test event=progress.updated] 测速  14414/14414 (100%)  有效 531  失败 13883  呆萌飞行员
2026-09-30T22:03:31+00:00 INFO    [run=e824ee65b96e42119457a7e2f3036e34 phase=speed_test event=progress.updated] 测速  14414/14414 (100%)  有效 531  失败 13884  亚洲笑星征服美国
2026-09-30T22:03:31+00:00 INFO    [run=e824ee65b96e42119457a7e2f3036e34 phase=speed_test event=progress.updated] 测速  14414/14414 (100%)  有效 531  失败 13885  宇宙护卫队-国漫
2026-09-30T22:03:31+00:00 INFO    [run=e824ee65b96e42119457a7e2f3036e34 phase=speed_test event=progress.updated] 测速  14414/14414 (100%)  有效 531  失败 13886  时间的答卷第二季
2026-09-30T22:03:31+00:00 INFO    [run=e824ee65b96e42119457a7e2f3036e34 phase=speed_test event=progress.updated] 测速  14414/14414 (100%)  有效 531  失败 13887  绝地生死营救
2026-09-30T22:03:31+00:00 INFO    [run=e824ee65b96e42119457a7e2f3036e34 phase=speed_test event=progress.updated] 测速  14414/14414 (100%)  有效 531  失败 13888  坑你没商量
2026-09-30T22:03:31+00:00 INFO    [run=e824ee65b96e42119457a7e2f3036e34 phase=speed_test event=progress.updated] 测速  14414/14414 (100%)  有效 531  失败 13889  Bill Burr暴躁经典
2026-09-30T22:03:32+00:00 INFO    [run=e824ee65b96e42119457a7e2f3036e34 phase=speed_test event=progress.updated] 测速  14414/14414 (100%)  有效 531  失败 13890  经典传奇2018
2026-09-30T22:03:32+00:00 INFO    [run=e824ee65b96e42119457a7e2f3036e34 phase=speed_test event=progress.updated] 测速  14414/14414 (100%)  有效 531  失败 13891  心动信号甜蜜发酵
2026-09-30T22:03:32+00:00 INFO    [run=e824ee65b96e42119457a7e2f3036e34 phase=speed_test event=progress.updated] 测速  14414/14414 (100%)  有效 531  失败 13892  异地演出炸场奇遇
2026-09-30T22:03:32+00:00 INFO    [run=e824ee65b96e42119457a7e2f3036e34 phase=speed_test event=progress.updated] 测速  14414/14414 (100%)  有效 531  失败 13893  经典传奇2018
2026-09-30T22:03:32+00:00 INFO    [run=e824ee65b96e42119457a7e2f3036e34 phase=speed_test event=progress.updated] 测速  14414/14414 (100%)  有效 531  失败 13894  憨夫憨妇闯情关
2026-09-30T22:03:32+00:00 INFO    [run=e824ee65b96e42119457a7e2f3036e34 phase=speed_test event=progress.updated] 测速  14414/14414 (100%)  有效 531  失败 13895  笑果伴酒快乐中秋
2026-09-30T22:03:32+00:00 INFO    [run=e824ee65b96e42119457a7e2f3036e34 phase=speed_test event=progress.updated] 测速  14414/14414 (100%)  有效 531  失败 13896  杰斯尼克暗黑
2026-09-30T22:03:33+00:00 INFO    [run=e824ee65b96e42119457a7e2f3036e34 phase=speed_test event=progress.updated] 测速  14414/14414 (100%)  有效 531  失败 13897  追踪神秘狐影
2026-09-30T22:03:33+00:00 INFO    [run=e824ee65b96e42119457a7e2f3036e34 phase=speed_test event=progress.updated] 测速  14414/14414 (100%)  有效 531  失败 13898  快递小哥变身英雄
2026-09-30T22:03:33+00:00 INFO    [run=e824ee65b96e42119457a7e2f3036e34 phase=speed_test event=progress.updated] 测速  14414/14414 (100%)  有效 531  失败 13899  异类入侵高能反转
2026-09-30T22:03:33+00:00 INFO    [run=e824ee65b96e42119457a7e2f3036e34 phase=speed_test event=progress.updated] 测速  14414/14414 (100%)  有效 531  失败 13900  杀机四伏
2026-09-30T22:03:33+00:00 INFO    [run=e824ee65b96e42119457a7e2f3036e34 phase=speed_test event=progress.updated] 测速  14414/14414 (100%)  有效 531  失败 13901  旺达·塞克丝
2026-09-30T22:03:34+00:00 INFO    [run=e824ee65b96e42119457a7e2f3036e34 phase=speed_test event=progress.updated] 测速  14414/14414 (100%)  有效 531  失败 13902  为妈妈点赞
2026-09-30T22:03:34+00:00 INFO    [run=e824ee65b96e42119457a7e2f3036e34 phase=speed_test event=progress.updated] 测速  14414/14414 (100%)  有效 531  失败 13903  狼爸硬核带娃
2026-09-30T22:03:34+00:00 INFO    [run=e824ee65b96e42119457a7e2f3036e34 phase=speed_test event=progress.updated] 测速  14414/14414 (100%)  有效 531  失败 13904  龙师傅来接招
2026-09-30T22:03:35+00:00 INFO    [run=e824ee65b96e42119457a7e2f3036e34 phase=speed_test event=progress.updated] 测速  14414/14414 (100%)  有效 531  失败 13905  武状元落魄逆袭
2026-09-30T22:03:35+00:00 INFO    [run=e824ee65b96e42119457a7e2f3036e34 phase=speed_test event=progress.updated] 测速  14414/14414 (100%)  有效 531  失败 13906  苍狼特战突击
2026-09-30T22:03:35+00:00 INFO    [run=e824ee65b96e42119457a7e2f3036e34 phase=speed_test event=progress.updated] 测速  14414/14414 (100%)  有效 531  失败 13907  战俘营大逃亡
2026-09-30T22:03:35+00:00 INFO    [run=e824ee65b96e42119457a7e2f3036e34 phase=speed_test event=progress.updated] 测速  14414/14414 (100%)  有效 531  失败 13908  兵王绝境狙杀
2026-09-30T22:03:35+00:00 INFO    [run=e824ee65b96e42119457a7e2f3036e34 phase=speed_test event=progress.updated] 测速  14414/14414 (100%)  有效 531  失败 13909  英伦特工智斗谍影
2026-09-30T22:03:36+00:00 INFO    [run=e824ee65b96e42119457a7e2f3036e34 phase=speed_test event=progress.updated] 测速  14414/14414 (100%)  有效 531  失败 13910  颠覆秩序的声浪
2026-09-30T22:03:36+00:00 INFO    [run=e824ee65b96e42119457a7e2f3036e34 phase=speed_test event=progress.updated] 测速  14414/14414 (100%)  有效 531  失败 13911  重启
2026-09-30T22:03:36+00:00 INFO    [run=e824ee65b96e42119457a7e2f3036e34 phase=speed_test event=progress.updated] 测速  14414/14414 (100%)  有效 531  失败 13912  唐门双雄战神犼
2026-09-30T22:03:36+00:00 INFO    [run=e824ee65b96e42119457a7e2f3036e34 phase=speed_test event=progress.updated] 测速  14414/14414 (100%)  有效 531  失败 13913  体验另一种生活
2026-09-30T22:03:36+00:00 INFO    [run=e824ee65b96e42119457a7e2f3036e34 phase=speed_test event=progress.updated] 测速  14414/14414 (100%)  有效 531  失败 13914  打破第四面墙
2026-09-30T22:03:36+00:00 INFO    [run=e824ee65b96e42119457a7e2f3036e34 phase=speed_test event=progress.updated] 测速  14414/14414 (100%)  有效 531  失败 13915  茅山天师降魔
2026-09-30T22:03:36+00:00 INFO    [run=e824ee65b96e42119457a7e2f3036e34 phase=speed_test event=progress.updated] 测速  14414/14414 (100%)  有效 531  失败 13916  蜀山伏魔剑
2026-09-30T22:03:36+00:00 INFO    [run=e824ee65b96e42119457a7e2f3036e34 phase=speed_test event=progress.updated] 测速  14414/14414 (100%)  有效 531  失败 13917  你好现任
2026-09-30T22:03:37+00:00 INFO    [run=e824ee65b96e42119457a7e2f3036e34 phase=speed_test event=progress.updated] 测速  14414/14414 (100%)  有效 531  失败 13918  非典型恋爱
2026-09-30T22:03:37+00:00 INFO    [run=e824ee65b96e42119457a7e2f3036e34 phase=speed_test event=progress.updated] 测速  14414/14414 (100%)  有效 531  失败 13919  侏罗纪复活战
2026-09-30T22:03:37+00:00 INFO    [run=e824ee65b96e42119457a7e2f3036e34 phase=speed_test event=progress.updated] 测速  14414/14414 (100%)  有效 531  失败 13920  花木兰巾帼英雄
2026-09-30T22:03:37+00:00 INFO    [run=e824ee65b96e42119457a7e2f3036e34 phase=speed_test event=progress.updated] 测速  14414/14414 (100%)  有效 531  失败 13921  天师驱魔令
2026-09-30T22:03:37+00:00 INFO    [run=e824ee65b96e42119457a7e2f3036e34 phase=speed_test event=progress.updated] 测速  14414/14414 (100%)  有效 531  失败 13922  铁甲狂猴雷霆
2026-09-30T22:03:38+00:00 INFO    [run=e824ee65b96e42119457a7e2f3036e34 phase=speed_test event=progress.updated] 测速  14414/14414 (100%)  有效 531  失败 13923  赵牡丹辛辣开麦
2026-09-30T22:03:38+00:00 INFO    [run=e824ee65b96e42119457a7e2f3036e34 phase=speed_test event=progress.updated] 测速  14414/14414 (100%)  有效 531  失败 13924  大闹三界奇幻冒险
2026-09-30T22:03:38+00:00 INFO    [run=e824ee65b96e42119457a7e2f3036e34 phase=speed_test event=progress.updated] 测速  14414/14414 (100%)  有效 531  失败 13925  闲暇观看综艺
2026-09-30T22:03:38+00:00 INFO    [run=e824ee65b96e42119457a7e2f3036e34 phase=speed_test event=progress.updated] 测速  14414/14414 (100%)  有效 531  失败 13926  暗恋成真青春纯爱
2026-09-30T22:03:38+00:00 INFO    [run=e824ee65b96e42119457a7e2f3036e34 phase=speed_test event=progress.updated] 测速  14414/14414 (100%)  有效 531  失败 13927  致命蜂群来袭
2026-09-30T22:03:38+00:00 INFO    [run=e824ee65b96e42119457a7e2f3036e34 phase=speed_test event=progress.updated] 测速  14414/14414 (100%)  有效 531  失败 13928  未来中国
2026-09-30T22:03:39+00:00 INFO    [run=e824ee65b96e42119457a7e2f3036e34 phase=speed_test event=progress.updated] 测速  14414/14414 (100%)  有效 531  失败 13929  青龙偃月显威
2026-09-30T22:03:39+00:00 INFO    [run=e824ee65b96e42119457a7e2f3036e34 phase=speed_test event=progress.updated] 测速  14414/14414 (100%)  有效 531  失败 13930  小小心事笑着流泪
2026-09-30T22:03:39+00:00 INFO    [run=e824ee65b96e42119457a7e2f3036e34 phase=speed_test event=progress.updated] 测速  14414/14414 (100%)  有效 531  失败 13931  戴夫吐槽时代
2026-09-30T22:03:39+00:00 INFO    [run=e824ee65b96e42119457a7e2f3036e34 phase=speed_test event=progress.updated] 测速  14414/14414 (100%)  有效 531  失败 13932  最佳时机
2026-09-30T22:03:39+00:00 INFO    [run=e824ee65b96e42119457a7e2f3036e34 phase=speed_test event=progress.updated] 测速  14414/14414 (100%)  有效 531  失败 13933  淮水情深深
2026-09-30T22:03:39+00:00 INFO    [run=e824ee65b96e42119457a7e2f3036e34 phase=speed_test event=progress.updated] 测速  14414/14414 (100%)  有效 531  失败 13934  爆笑诡扯记
2026-09-30T22:03:39+00:00 INFO    [run=e824ee65b96e42119457a7e2f3036e34 phase=speed_test event=progress.updated] 测速  14414/14414 (100%)  有效 531  失败 13935  巅峰救援行动
2026-09-30T22:03:39+00:00 INFO    [run=e824ee65b96e42119457a7e2f3036e34 phase=speed_test event=progress.updated] 测速  14414/14414 (100%)  有效 531  失败 13936  就是要疯狂
2026-09-30T22:03:39+00:00 INFO    [run=e824ee65b96e42119457a7e2f3036e34 phase=speed_test event=progress.updated] 测速  14414/14414 (100%)  有效 531  失败 13937  许光汉主演喜剧大片
2026-09-30T22:03:39+00:00 INFO    [run=e824ee65b96e42119457a7e2f3036e34 phase=speed_test event=progress.updated] 测速  14414/14414 (100%)  有效 531  失败 13938  新弦已张
2026-09-30T22:03:40+00:00 INFO    [run=e824ee65b96e42119457a7e2f3036e34 phase=speed_test event=progress.updated] 测速  14414/14414 (100%)  有效 531  失败 13939  留学澳大利亚蓝翔梗王
2026-09-30T22:03:40+00:00 INFO    [run=e824ee65b96e42119457a7e2f3036e34 phase=speed_test event=progress.updated] 测速  14414/14414 (100%)  有效 531  失败 13940  硬核使命
2026-09-30T22:03:40+00:00 INFO    [run=e824ee65b96e42119457a7e2f3036e34 phase=speed_test event=progress.updated] 测速  14414/14414 (100%)  有效 531  失败 13941  热烈的玫瑰
2026-09-30T22:03:40+00:00 INFO    [run=e824ee65b96e42119457a7e2f3036e34 phase=speed_test event=progress.updated] 测速  14414/14414 (100%)  有效 531  失败 13942  爱情拯救计划
2026-09-30T22:03:40+00:00 INFO    [run=e824ee65b96e42119457a7e2f3036e34 phase=speed_test event=progress.updated] 测速  14414/14414 (100%)  有效 531  失败 13943  巨蛛嗜血狂
2026-09-30T22:03:40+00:00 INFO    [run=e824ee65b96e42119457a7e2f3036e34 phase=speed_test event=progress.updated] 测速  14414/14414 (100%)  有效 531  失败 13944  守护千年雄关
2026-09-30T22:03:41+00:00 INFO    [run=e824ee65b96e42119457a7e2f3036e34 phase=speed_test event=progress.updated] 测速  14414/14414 (100%)  有效 531  失败 13945  太空异种惊魂
2026-09-30T22:03:41+00:00 INFO    [run=e824ee65b96e42119457a7e2f3036e34 phase=speed_test event=progress.updated] 测速  14414/14414 (100%)  有效 531  失败 13946  踮脚拥抱爱情
2026-09-30T22:03:41+00:00 INFO    [run=e824ee65b96e42119457a7e2f3036e34 phase=speed_test event=progress.updated] 测速  14414/14414 (100%)  有效 531  失败 13947  公主战俘记
2026-09-30T22:03:41+00:00 INFO    [run=e824ee65b96e42119457a7e2f3036e34 phase=speed_test event=progress.updated] 测速  14414/14414 (100%)  有效 531  失败 13948  破解终极密码
2026-09-30T22:03:41+00:00 INFO    [run=e824ee65b96e42119457a7e2f3036e34 phase=speed_test event=progress.updated] 测速  14414/14414 (100%)  有效 531  失败 13949  哮天犬闹龙宫
2026-09-30T22:03:41+00:00 INFO    [run=e824ee65b96e42119457a7e2f3036e34 phase=speed_test event=progress.updated] 测速  14414/14414 (100%)  有效 531  失败 13950  赛道争锋
2026-09-30T22:03:41+00:00 INFO    [run=e824ee65b96e42119457a7e2f3036e34 phase=speed_test event=progress.updated] 测速  14414/14414 (100%)  有效 531  失败 13951  冰峰惊魂夜
2026-09-30T22:03:41+00:00 INFO    [run=e824ee65b96e42119457a7e2f3036e34 phase=speed_test event=progress.updated] 测速  14414/14414 (100%)  有效 531  失败 13952  大铸剑师传奇
2026-09-30T22:03:41+00:00 INFO    [run=e824ee65b96e42119457a7e2f3036e34 phase=speed_test event=progress.updated] 测速  14414/14414 (100%)  有效 531  失败 13953  仙剑风云再起
2026-09-30T22:03:42+00:00 INFO    [run=e824ee65b96e42119457a7e2f3036e34 phase=speed_test event=progress.updated] 测速  14414/14414 (100%)  有效 531  失败 13954  绝对忠诚使命
2026-09-30T22:03:42+00:00 INFO    [run=e824ee65b96e42119457a7e2f3036e34 phase=speed_test event=progress.updated] 测速  14414/14414 (100%)  有效 531  失败 13955  横行不霸道
2026-09-30T22:03:42+00:00 INFO    [run=e824ee65b96e42119457a7e2f3036e34 phase=speed_test event=progress.updated] 测速  14414/14414 (100%)  有效 531  失败 13956  特派先锋出击
2026-09-30T22:03:42+00:00 INFO    [run=e824ee65b96e42119457a7e2f3036e34 phase=speed_test event=progress.updated] 测速  14414/14414 (100%)  有效 531  失败 13957  24H地下交通站全
2026-09-30T22:03:42+00:00 INFO    [run=e824ee65b96e42119457a7e2f3036e34 phase=speed_test event=speed_test.artifacts_written] 测速明细已写入 output/log/speed_test.log，有效结果已写入 output/log/result.log
2026-09-30T22:03:42+00:00 INFO    [run=e824ee65b96e42119457a7e2f3036e34 phase=speed_test event=progress.finished] 测速  14414/14414  有效 531  失败 13957
2026-09-30T22:03:43+00:00 INFO    [run=e824ee65b96e42119457a7e2f3036e34 phase=output event=output.written] 结果文件生成完成：更新 3 个文件
2026-09-30T22:03:44+00:00 INFO    [run=e824ee65b96e42119457a7e2f3036e34 phase=statistics event=statistics.finished] 频道统计完成：测试 14488，有效 531
2026-09-30T22:03:44+00:00 INFO    [run=e824ee65b96e42119457a7e2f3036e34 phase=complete event=run.summary] 更新摘要
2026-09-30T22:03:44+00:00 INFO    [run=e824ee65b96e42119457a7e2f3036e34 phase=complete event=run.finished] 更新完成！总耗时：30:06
